[0.000000] (-) TimerEvent: {}
[0.000242] (catheter_slam) JobQueued: {'identifier': 'catheter_slam', 'dependencies': OrderedDict()}
[0.000467] (catheter_slam) JobStarted: {'identifier': 'catheter_slam'}
[0.099958] (-) TimerEvent: {}
[0.200236] (-) TimerEvent: {}
[0.300563] (-) TimerEvent: {}
[0.401023] (-) TimerEvent: {}
[0.501298] (-) TimerEvent: {}
[0.601561] (-) TimerEvent: {}
[0.629928] (catheter_slam) Command: {'cmd': ['/usr/bin/python3', '-W', 'ignore:setup.py install is deprecated', '-W', 'ignore:easy_install command is deprecated', 'setup.py', 'develop', '--editable', '--build-directory', '/root/ros2_ws/build/catheter_slam/build', '--no-deps', 'symlink_data'], 'cwd': '/root/ros2_ws/build/catheter_slam', 'env': {'HOSTNAME': 'oguzhan', 'SHLVL': '1', 'LD_LIBRARY_PATH': '/opt/ros/jazzy/opt/rviz_ogre_vendor/lib:/opt/ros/jazzy/lib/x86_64-linux-gnu:/opt/ros/jazzy/opt/gz_math_vendor/lib:/opt/ros/jazzy/opt/gz_utils_vendor/lib:/opt/ros/jazzy/opt/gz_cmake_vendor/lib:/opt/ros/jazzy/lib', 'HOME': '/root', 'OLDPWD': '/', 'ROS_PYTHON_VERSION': '3', 'ROS_DISTRO': 'jazzy', '_': '/usr/bin/colcon', 'ROS_VERSION': '2', 'TERM': 'xterm', 'PATH': '/opt/ros/jazzy/bin:/usr/local/sbin:/usr/local/bin:/usr/sbin:/usr/bin:/sbin:/bin', 'DISPLAY': ':0', 'LANG': 'C.UTF-8', 'AMENT_PREFIX_PATH': '/opt/ros/jazzy', 'ROS_AUTOMATIC_DISCOVERY_RANGE': 'SUBNET', 'PWD': '/root/ros2_ws/build/catheter_slam', 'LC_ALL': 'C.UTF-8', 'PYTHONPATH': '/root/ros2_ws/build/catheter_slam/prefix_override:/usr/lib/python3/dist-packages/colcon_core/task/python/colcon_distutils_commands:/root/ros2_ws/install/catheter_slam/lib/python3.12/site-packages:/opt/ros/jazzy/lib/python3.12/site-packages', 'COLCON': '1', 'CMAKE_PREFIX_PATH': '/opt/ros/jazzy/opt/gz_math_vendor:/opt/ros/jazzy/opt/gz_utils_vendor:/opt/ros/jazzy/opt/gz_cmake_vendor'}, 'shell': False}
[0.701685] (-) TimerEvent: {}
[0.801935] (-) TimerEvent: {}
[0.814262] (catheter_slam) StdoutLine: {'line': b'running develop\n'}
[0.902119] (-) TimerEvent: {}
[0.905917] (catheter_slam) StdoutLine: {'line': b'running egg_info\n'}
[0.914402] (catheter_slam) StdoutLine: {'line': b'writing catheter_slam.egg-info/PKG-INFO\n'}
[0.914511] (catheter_slam) StdoutLine: {'line': b'writing dependency_links to catheter_slam.egg-info/dependency_links.txt\n'}
[0.914707] (catheter_slam) StdoutLine: {'line': b'writing entry points to catheter_slam.egg-info/entry_points.txt\n'}
[0.914770] (catheter_slam) StdoutLine: {'line': b'writing requirements to catheter_slam.egg-info/requires.txt\n'}
[0.914816] (catheter_slam) StdoutLine: {'line': b'writing top-level names to catheter_slam.egg-info/top_level.txt\n'}
[0.932639] (catheter_slam) StdoutLine: {'line': b"reading manifest file 'catheter_slam.egg-info/SOURCES.txt'\n"}
[0.933047] (catheter_slam) StdoutLine: {'line': b"writing manifest file 'catheter_slam.egg-info/SOURCES.txt'\n"}
[0.942657] (catheter_slam) StdoutLine: {'line': b'running build_ext\n'}
[0.942760] (catheter_slam) StdoutLine: {'line': b'Creating /root/ros2_ws/install/catheter_slam/lib/python3.12/site-packages/catheter-slam.egg-link (link to .)\n'}
[0.943027] (catheter_slam) StdoutLine: {'line': b'Installing catheter_bridge script to /root/ros2_ws/install/catheter_slam/lib/catheter_slam\n'}
[0.943132] (catheter_slam) StdoutLine: {'line': b'\n'}
[0.943185] (catheter_slam) StdoutLine: {'line': b'Installed /root/ros2_ws/build/catheter_slam\n'}
[0.943345] (catheter_slam) StdoutLine: {'line': b'running symlink_data\n'}
[0.960749] (catheter_slam) CommandEnded: {'returncode': 0}
[0.968971] (catheter_slam) JobEnded: {'identifier': 'catheter_slam', 'rc': 0}
[0.969650] (-) EventReactorShutdown: {}
