[0.000000] (-) TimerEvent: {}
[0.000333] (catheter_slam) JobQueued: {'identifier': 'catheter_slam', 'dependencies': OrderedDict()}
[0.000414] (catheter_slam) JobStarted: {'identifier': 'catheter_slam'}
[0.098992] (-) TimerEvent: {}
[0.199446] (-) TimerEvent: {}
[0.299919] (-) TimerEvent: {}
[0.400373] (-) TimerEvent: {}
[0.500780] (-) TimerEvent: {}
[0.601240] (-) TimerEvent: {}
[0.701681] (-) TimerEvent: {}
[0.802197] (-) TimerEvent: {}
[0.902816] (-) TimerEvent: {}
[1.003669] (-) TimerEvent: {}
[1.104444] (-) TimerEvent: {}
[1.205010] (-) TimerEvent: {}
[1.305566] (-) TimerEvent: {}
[1.405928] (-) TimerEvent: {}
[1.486406] (catheter_slam) Command: {'cmd': ['/usr/bin/python3', '-W', 'ignore:setup.py install is deprecated', '-W', 'ignore:easy_install command is deprecated', 'setup.py', 'develop', '--editable', '--build-directory', '/root/ros2_ws/build/catheter_slam/build', '--no-deps', 'symlink_data'], 'cwd': '/root/ros2_ws/build/catheter_slam', 'env': {'HOSTNAME': 'oguzhan', 'SHLVL': '1', 'LD_LIBRARY_PATH': '/opt/ros/jazzy/opt/rviz_ogre_vendor/lib:/opt/ros/jazzy/lib/x86_64-linux-gnu:/opt/ros/jazzy/opt/gz_math_vendor/lib:/opt/ros/jazzy/opt/gz_utils_vendor/lib:/opt/ros/jazzy/opt/gz_cmake_vendor/lib:/opt/ros/jazzy/lib', 'HOME': '/root', 'OLDPWD': '/', 'ROS_PYTHON_VERSION': '3', 'ROS_DISTRO': 'jazzy', '_': '/usr/bin/colcon', 'ROS_VERSION': '2', 'TERM': 'xterm', 'PATH': '/opt/ros/jazzy/bin:/usr/local/sbin:/usr/local/bin:/usr/sbin:/usr/bin:/sbin:/bin', 'DISPLAY': ':0', 'LANG': 'C.UTF-8', 'AMENT_PREFIX_PATH': '/opt/ros/jazzy', 'ROS_AUTOMATIC_DISCOVERY_RANGE': 'SUBNET', 'PWD': '/root/ros2_ws/build/catheter_slam', 'LC_ALL': 'C.UTF-8', 'PYTHONPATH': '/root/ros2_ws/build/catheter_slam/prefix_override:/usr/lib/python3/dist-packages/colcon_core/task/python/colcon_distutils_commands:/root/ros2_ws/install/catheter_slam/lib/python3.12/site-packages:/opt/ros/jazzy/lib/python3.12/site-packages', 'COLCON': '1', 'CMAKE_PREFIX_PATH': '/opt/ros/jazzy/opt/gz_math_vendor:/opt/ros/jazzy/opt/gz_utils_vendor:/opt/ros/jazzy/opt/gz_cmake_vendor'}, 'shell': False}
[1.506150] (-) TimerEvent: {}
[1.606478] (-) TimerEvent: {}
[1.706823] (-) TimerEvent: {}
[1.807281] (-) TimerEvent: {}
[1.833462] (catheter_slam) StdoutLine: {'line': b'running develop\n'}
[1.907516] (-) TimerEvent: {}
[1.998631] (catheter_slam) StdoutLine: {'line': b'running egg_info\n'}
[2.007661] (-) TimerEvent: {}
[2.014304] (catheter_slam) StdoutLine: {'line': b'writing catheter_slam.egg-info/PKG-INFO\n'}
[2.014813] (catheter_slam) StdoutLine: {'line': b'writing dependency_links to catheter_slam.egg-info/dependency_links.txt\n'}
[2.015316] (catheter_slam) StdoutLine: {'line': b'writing entry points to catheter_slam.egg-info/entry_points.txt\n'}
[2.015551] (catheter_slam) StdoutLine: {'line': b'writing requirements to catheter_slam.egg-info/requires.txt\n'}
[2.015767] (catheter_slam) StdoutLine: {'line': b'writing top-level names to catheter_slam.egg-info/top_level.txt\n'}
[2.049071] (catheter_slam) StdoutLine: {'line': b"reading manifest file 'catheter_slam.egg-info/SOURCES.txt'\n"}
[2.049988] (catheter_slam) StdoutLine: {'line': b"writing manifest file 'catheter_slam.egg-info/SOURCES.txt'\n"}
[2.067717] (catheter_slam) StdoutLine: {'line': b'running build_ext\n'}
[2.067976] (catheter_slam) StdoutLine: {'line': b'Creating /root/ros2_ws/install/catheter_slam/lib/python3.12/site-packages/catheter-slam.egg-link (link to .)\n'}
[2.068781] (catheter_slam) StdoutLine: {'line': b'Installing catheter_bridge script to /root/ros2_ws/install/catheter_slam/lib/catheter_slam\n'}
[2.068981] (catheter_slam) StdoutLine: {'line': b'\n'}
[2.069070] (catheter_slam) StdoutLine: {'line': b'Installed /root/ros2_ws/build/catheter_slam\n'}
[2.069158] (catheter_slam) StdoutLine: {'line': b'running symlink_data\n'}
[2.106655] (catheter_slam) CommandEnded: {'returncode': 0}
[2.107779] (-) TimerEvent: {}
[2.120402] (catheter_slam) JobEnded: {'identifier': 'catheter_slam', 'rc': 0}
[2.121069] (-) EventReactorShutdown: {}
