[0.000000] (-) TimerEvent: {}
[0.000414] (catheter_slam) JobQueued: {'identifier': 'catheter_slam', 'dependencies': OrderedDict()}
[0.000933] (catheter_slam) JobStarted: {'identifier': 'catheter_slam'}
[0.099820] (-) TimerEvent: {}
[0.200239] (-) TimerEvent: {}
[0.300677] (-) TimerEvent: {}
[0.401081] (-) TimerEvent: {}
[0.501400] (-) TimerEvent: {}
[0.601896] (-) TimerEvent: {}
[0.702481] (-) TimerEvent: {}
[0.802942] (-) TimerEvent: {}
[0.903372] (-) TimerEvent: {}
[1.003921] (-) TimerEvent: {}
[1.104393] (-) TimerEvent: {}
[1.204941] (-) TimerEvent: {}
[1.246308] (catheter_slam) Command: {'cmd': ['/usr/bin/python3', '-W', 'ignore:setup.py install is deprecated', '-W', 'ignore:easy_install command is deprecated', 'setup.py', 'develop', '--editable', '--build-directory', '/root/ros2_ws/build/catheter_slam/build', '--no-deps', 'symlink_data'], 'cwd': '/root/ros2_ws/build/catheter_slam', 'env': {'HOSTNAME': 'oguzhan', 'SHLVL': '1', 'LD_LIBRARY_PATH': '/opt/ros/jazzy/opt/rviz_ogre_vendor/lib:/opt/ros/jazzy/lib/x86_64-linux-gnu:/opt/ros/jazzy/opt/gz_math_vendor/lib:/opt/ros/jazzy/opt/gz_utils_vendor/lib:/opt/ros/jazzy/opt/gz_cmake_vendor/lib:/opt/ros/jazzy/lib', 'HOME': '/root', 'OLDPWD': '/', 'ROS_PYTHON_VERSION': '3', 'ROS_DISTRO': 'jazzy', '_': '/usr/bin/colcon', 'ROS_VERSION': '2', 'TERM': 'xterm', 'PATH': '/opt/ros/jazzy/bin:/usr/local/sbin:/usr/local/bin:/usr/sbin:/usr/bin:/sbin:/bin', 'DISPLAY': ':0', 'LANG': 'C.UTF-8', 'AMENT_PREFIX_PATH': '/opt/ros/jazzy', 'ROS_AUTOMATIC_DISCOVERY_RANGE': 'SUBNET', 'PWD': '/root/ros2_ws/build/catheter_slam', 'LC_ALL': 'C.UTF-8', 'PYTHONPATH': '/root/ros2_ws/build/catheter_slam/prefix_override:/usr/lib/python3/dist-packages/colcon_core/task/python/colcon_distutils_commands:/root/ros2_ws/install/catheter_slam/lib/python3.12/site-packages:/opt/ros/jazzy/lib/python3.12/site-packages', 'COLCON': '1', 'CMAKE_PREFIX_PATH': '/opt/ros/jazzy/opt/gz_math_vendor:/opt/ros/jazzy/opt/gz_utils_vendor:/opt/ros/jazzy/opt/gz_cmake_vendor'}, 'shell': False}
[1.305050] (-) TimerEvent: {}
[1.405508] (-) TimerEvent: {}
[1.506044] (-) TimerEvent: {}
[1.575958] (catheter_slam) StdoutLine: {'line': b'running develop\n'}
[1.606183] (-) TimerEvent: {}
[1.706767] (-) TimerEvent: {}
[1.745170] (catheter_slam) StdoutLine: {'line': b'running egg_info\n'}
[1.760772] (catheter_slam) StdoutLine: {'line': b'writing catheter_slam.egg-info/PKG-INFO\n'}
[1.761203] (catheter_slam) StdoutLine: {'line': b'writing dependency_links to catheter_slam.egg-info/dependency_links.txt\n'}
[1.761632] (catheter_slam) StdoutLine: {'line': b'writing entry points to catheter_slam.egg-info/entry_points.txt\n'}
[1.761751] (catheter_slam) StdoutLine: {'line': b'writing requirements to catheter_slam.egg-info/requires.txt\n'}
[1.761855] (catheter_slam) StdoutLine: {'line': b'writing top-level names to catheter_slam.egg-info/top_level.txt\n'}
[1.793805] (catheter_slam) StdoutLine: {'line': b"reading manifest file 'catheter_slam.egg-info/SOURCES.txt'\n"}
[1.794731] (catheter_slam) StdoutLine: {'line': b"writing manifest file 'catheter_slam.egg-info/SOURCES.txt'\n"}
[1.806945] (-) TimerEvent: {}
[1.811297] (catheter_slam) StdoutLine: {'line': b'running build_ext\n'}
[1.811469] (catheter_slam) StdoutLine: {'line': b'Creating /root/ros2_ws/install/catheter_slam/lib/python3.12/site-packages/catheter-slam.egg-link (link to .)\n'}
[1.812422] (catheter_slam) StdoutLine: {'line': b'Installing catheter_bridge script to /root/ros2_ws/install/catheter_slam/lib/catheter_slam\n'}
[1.812858] (catheter_slam) StdoutLine: {'line': b'\n'}
[1.813066] (catheter_slam) StdoutLine: {'line': b'Installed /root/ros2_ws/build/catheter_slam\n'}
[1.813184] (catheter_slam) StdoutLine: {'line': b'running symlink_data\n'}
[1.847058] (catheter_slam) CommandEnded: {'returncode': 0}
[1.863929] (catheter_slam) JobEnded: {'identifier': 'catheter_slam', 'rc': 0}
[1.865507] (-) EventReactorShutdown: {}
