[0.000000] (-) TimerEvent: {}
[0.000272] (catheter_slam) JobQueued: {'identifier': 'catheter_slam', 'dependencies': OrderedDict()}
[0.000347] (catheter_slam) JobStarted: {'identifier': 'catheter_slam'}
[0.099019] (-) TimerEvent: {}
[0.199402] (-) TimerEvent: {}
[0.299700] (-) TimerEvent: {}
[0.400125] (-) TimerEvent: {}
[0.500430] (-) TimerEvent: {}
[0.600752] (-) TimerEvent: {}
[0.701151] (-) TimerEvent: {}
[0.801594] (-) TimerEvent: {}
[0.902032] (-) TimerEvent: {}
[1.002495] (-) TimerEvent: {}
[1.102868] (-) TimerEvent: {}
[1.194236] (catheter_slam) Command: {'cmd': ['/usr/bin/python3', '-W', 'ignore:setup.py install is deprecated', '-W', 'ignore:easy_install command is deprecated', 'setup.py', 'develop', '--editable', '--build-directory', '/root/ros2_ws/build/catheter_slam/build', '--no-deps', 'symlink_data'], 'cwd': '/root/ros2_ws/build/catheter_slam', 'env': {'HOSTNAME': 'oguzhan', 'SHLVL': '1', 'LD_LIBRARY_PATH': '/opt/ros/jazzy/opt/rviz_ogre_vendor/lib:/opt/ros/jazzy/lib/x86_64-linux-gnu:/opt/ros/jazzy/opt/gz_math_vendor/lib:/opt/ros/jazzy/opt/gz_utils_vendor/lib:/opt/ros/jazzy/opt/gz_cmake_vendor/lib:/opt/ros/jazzy/lib', 'HOME': '/root', 'OLDPWD': '/', 'ROS_PYTHON_VERSION': '3', 'ROS_DISTRO': 'jazzy', '_': '/usr/bin/colcon', 'ROS_VERSION': '2', 'TERM': 'xterm', 'PATH': '/opt/ros/jazzy/bin:/usr/local/sbin:/usr/local/bin:/usr/sbin:/usr/bin:/sbin:/bin', 'DISPLAY': ':0', 'LANG': 'C.UTF-8', 'AMENT_PREFIX_PATH': '/opt/ros/jazzy', 'ROS_AUTOMATIC_DISCOVERY_RANGE': 'SUBNET', 'PWD': '/root/ros2_ws/build/catheter_slam', 'LC_ALL': 'C.UTF-8', 'PYTHONPATH': '/root/ros2_ws/build/catheter_slam/prefix_override:/usr/lib/python3/dist-packages/colcon_core/task/python/colcon_distutils_commands:/root/ros2_ws/install/catheter_slam/lib/python3.12/site-packages:/opt/ros/jazzy/lib/python3.12/site-packages', 'COLCON': '1', 'CMAKE_PREFIX_PATH': '/opt/ros/jazzy/opt/gz_math_vendor:/opt/ros/jazzy/opt/gz_utils_vendor:/opt/ros/jazzy/opt/gz_cmake_vendor'}, 'shell': False}
[1.202978] (-) TimerEvent: {}
[1.303369] (-) TimerEvent: {}
[1.403756] (-) TimerEvent: {}
[1.504158] (-) TimerEvent: {}
[1.534767] (catheter_slam) StdoutLine: {'line': b'running develop\n'}
[1.604286] (-) TimerEvent: {}
[1.696627] (catheter_slam) StdoutLine: {'line': b'running egg_info\n'}
[1.696968] (catheter_slam) StdoutLine: {'line': b'creating catheter_slam.egg-info\n'}
[1.704407] (-) TimerEvent: {}
[1.711802] (catheter_slam) StdoutLine: {'line': b'writing catheter_slam.egg-info/PKG-INFO\n'}
[1.712297] (catheter_slam) StdoutLine: {'line': b'writing dependency_links to catheter_slam.egg-info/dependency_links.txt\n'}
[1.712694] (catheter_slam) StdoutLine: {'line': b'writing entry points to catheter_slam.egg-info/entry_points.txt\n'}
[1.712888] (catheter_slam) StdoutLine: {'line': b'writing requirements to catheter_slam.egg-info/requires.txt\n'}
[1.713061] (catheter_slam) StdoutLine: {'line': b'writing top-level names to catheter_slam.egg-info/top_level.txt\n'}
[1.713240] (catheter_slam) StdoutLine: {'line': b"writing manifest file 'catheter_slam.egg-info/SOURCES.txt'\n"}
[1.744779] (catheter_slam) StdoutLine: {'line': b"reading manifest file 'catheter_slam.egg-info/SOURCES.txt'\n"}
[1.745562] (catheter_slam) StdoutLine: {'line': b"writing manifest file 'catheter_slam.egg-info/SOURCES.txt'\n"}
[1.762684] (catheter_slam) StdoutLine: {'line': b'running build_ext\n'}
[1.762994] (catheter_slam) StdoutLine: {'line': b'Creating /root/ros2_ws/install/catheter_slam/lib/python3.12/site-packages/catheter-slam.egg-link (link to .)\n'}
[1.763443] (catheter_slam) StdoutLine: {'line': b'Installing catheter_bridge script to /root/ros2_ws/install/catheter_slam/lib/catheter_slam\n'}
[1.763790] (catheter_slam) StdoutLine: {'line': b'\n'}
[1.764093] (catheter_slam) StdoutLine: {'line': b'Installed /root/ros2_ws/build/catheter_slam\n'}
[1.764383] (catheter_slam) StdoutLine: {'line': b'running symlink_data\n'}
[1.764503] (catheter_slam) StdoutLine: {'line': b'creating /root/ros2_ws/install/catheter_slam/share/ament_index\n'}
[1.764783] (catheter_slam) StdoutLine: {'line': b'creating /root/ros2_ws/install/catheter_slam/share/ament_index/resource_index\n'}
[1.764880] (catheter_slam) StdoutLine: {'line': b'creating /root/ros2_ws/install/catheter_slam/share/ament_index/resource_index/packages\n'}
[1.764945] (catheter_slam) StdoutLine: {'line': b'symbolically linking /root/ros2_ws/build/catheter_slam/resource/catheter_slam -> /root/ros2_ws/install/catheter_slam/share/ament_index/resource_index/packages\n'}
[1.765005] (catheter_slam) StdoutLine: {'line': b'symbolically linking /root/ros2_ws/build/catheter_slam/package.xml -> /root/ros2_ws/install/catheter_slam/share/catheter_slam\n'}
[1.765063] (catheter_slam) StdoutLine: {'line': b'creating /root/ros2_ws/install/catheter_slam/share/catheter_slam/config\n'}
[1.765123] (catheter_slam) StdoutLine: {'line': b'creating /root/ros2_ws/install/catheter_slam/share/catheter_slam/launch\n'}
[1.765181] (catheter_slam) StdoutLine: {'line': b'symbolically linking /root/ros2_ws/build/catheter_slam/launch/catheter_slam.launch.py -> /root/ros2_ws/install/catheter_slam/share/catheter_slam/launch\n'}
[1.796983] (catheter_slam) CommandEnded: {'returncode': 0}
[1.804578] (-) TimerEvent: {}
[1.812651] (catheter_slam) JobEnded: {'identifier': 'catheter_slam', 'rc': 0}
[1.813836] (-) EventReactorShutdown: {}
