[0.000000] (-) TimerEvent: {}
[0.000608] (catheter_slam) JobQueued: {'identifier': 'catheter_slam', 'dependencies': OrderedDict()}
[0.000701] (catheter_slam) JobStarted: {'identifier': 'catheter_slam'}
[0.099324] (-) TimerEvent: {}
[0.200048] (-) TimerEvent: {}
[0.301057] (-) TimerEvent: {}
[0.401496] (-) TimerEvent: {}
[0.501945] (-) TimerEvent: {}
[0.602543] (-) TimerEvent: {}
[0.703092] (-) TimerEvent: {}
[0.803607] (-) TimerEvent: {}
[0.904090] (-) TimerEvent: {}
[1.004835] (-) TimerEvent: {}
[1.105505] (-) TimerEvent: {}
[1.205993] (-) TimerEvent: {}
[1.300194] (catheter_slam) Command: {'cmd': ['/usr/bin/python3', '-W', 'ignore:setup.py install is deprecated', '-W', 'ignore:easy_install command is deprecated', 'setup.py', 'develop', '--editable', '--build-directory', '/root/ros2_ws/build/catheter_slam/build', '--no-deps', 'symlink_data'], 'cwd': '/root/ros2_ws/build/catheter_slam', 'env': {'HOSTNAME': 'oguzhan', 'SHLVL': '1', 'LD_LIBRARY_PATH': '/opt/ros/jazzy/opt/rviz_ogre_vendor/lib:/opt/ros/jazzy/lib/x86_64-linux-gnu:/opt/ros/jazzy/opt/gz_math_vendor/lib:/opt/ros/jazzy/opt/gz_utils_vendor/lib:/opt/ros/jazzy/opt/gz_cmake_vendor/lib:/opt/ros/jazzy/lib', 'HOME': '/root', 'OLDPWD': '/', 'ROS_PYTHON_VERSION': '3', 'ROS_DISTRO': 'jazzy', '_': '/usr/bin/colcon', 'ROS_VERSION': '2', 'TERM': 'xterm', 'PATH': '/opt/ros/jazzy/bin:/usr/local/sbin:/usr/local/bin:/usr/sbin:/usr/bin:/sbin:/bin', 'DISPLAY': ':0', 'LANG': 'C.UTF-8', 'AMENT_PREFIX_PATH': '/opt/ros/jazzy', 'ROS_AUTOMATIC_DISCOVERY_RANGE': 'SUBNET', 'PWD': '/root/ros2_ws/build/catheter_slam', 'LC_ALL': 'C.UTF-8', 'PYTHONPATH': '/root/ros2_ws/build/catheter_slam/prefix_override:/usr/lib/python3/dist-packages/colcon_core/task/python/colcon_distutils_commands:/root/ros2_ws/install/catheter_slam/lib/python3.12/site-packages:/opt/ros/jazzy/lib/python3.12/site-packages', 'COLCON': '1', 'CMAKE_PREFIX_PATH': '/opt/ros/jazzy/opt/gz_math_vendor:/opt/ros/jazzy/opt/gz_utils_vendor:/opt/ros/jazzy/opt/gz_cmake_vendor'}, 'shell': False}
[1.306890] (-) TimerEvent: {}
[1.407756] (-) TimerEvent: {}
[1.508379] (-) TimerEvent: {}
[1.608868] (-) TimerEvent: {}
[1.709485] (-) TimerEvent: {}
[1.759686] (catheter_slam) StdoutLine: {'line': b'running develop\n'}
[1.809608] (-) TimerEvent: {}
[1.910110] (-) TimerEvent: {}
[1.928690] (catheter_slam) StdoutLine: {'line': b'running egg_info\n'}
[1.944407] (catheter_slam) StdoutLine: {'line': b'writing catheter_slam.egg-info/PKG-INFO\n'}
[1.944821] (catheter_slam) StdoutLine: {'line': b'writing dependency_links to catheter_slam.egg-info/dependency_links.txt\n'}
[1.945053] (catheter_slam) StdoutLine: {'line': b'writing entry points to catheter_slam.egg-info/entry_points.txt\n'}
[1.945136] (catheter_slam) StdoutLine: {'line': b'writing requirements to catheter_slam.egg-info/requires.txt\n'}
[1.945208] (catheter_slam) StdoutLine: {'line': b'writing top-level names to catheter_slam.egg-info/top_level.txt\n'}
[1.978369] (catheter_slam) StdoutLine: {'line': b"reading manifest file 'catheter_slam.egg-info/SOURCES.txt'\n"}
[1.979139] (catheter_slam) StdoutLine: {'line': b"writing manifest file 'catheter_slam.egg-info/SOURCES.txt'\n"}
[1.997253] (catheter_slam) StdoutLine: {'line': b'running build_ext\n'}
[1.997520] (catheter_slam) StdoutLine: {'line': b'Creating /root/ros2_ws/install/catheter_slam/lib/python3.12/site-packages/catheter-slam.egg-link (link to .)\n'}
[1.998426] (catheter_slam) StdoutLine: {'line': b'Installing catheter_bridge script to /root/ros2_ws/install/catheter_slam/lib/catheter_slam\n'}
[1.998782] (catheter_slam) StdoutLine: {'line': b'\n'}
[1.998904] (catheter_slam) StdoutLine: {'line': b'Installed /root/ros2_ws/build/catheter_slam\n'}
[1.998990] (catheter_slam) StdoutLine: {'line': b'running symlink_data\n'}
[2.010335] (-) TimerEvent: {}
[2.036713] (catheter_slam) CommandEnded: {'returncode': 0}
[2.057942] (catheter_slam) JobEnded: {'identifier': 'catheter_slam', 'rc': 0}
[2.059244] (-) EventReactorShutdown: {}
