[0.000000] (-) TimerEvent: {}
[0.000646] (catheter_slam) JobQueued: {'identifier': 'catheter_slam', 'dependencies': OrderedDict()}
[0.001061] (catheter_slam) JobStarted: {'identifier': 'catheter_slam'}
[0.099862] (-) TimerEvent: {}
[0.200275] (-) TimerEvent: {}
[0.300725] (-) TimerEvent: {}
[0.401061] (-) TimerEvent: {}
[0.501497] (-) TimerEvent: {}
[0.602027] (-) TimerEvent: {}
[0.702439] (-) TimerEvent: {}
[0.802849] (-) TimerEvent: {}
[0.903223] (-) TimerEvent: {}
[1.003605] (-) TimerEvent: {}
[1.103967] (-) TimerEvent: {}
[1.177791] (catheter_slam) Command: {'cmd': ['/usr/bin/python3', '-W', 'ignore:setup.py install is deprecated', '-W', 'ignore:easy_install command is deprecated', 'setup.py', 'develop', '--editable', '--build-directory', '/root/ros2_ws/build/catheter_slam/build', '--no-deps', 'symlink_data'], 'cwd': '/root/ros2_ws/build/catheter_slam', 'env': {'HOSTNAME': 'oguzhan', 'SHLVL': '1', 'LD_LIBRARY_PATH': '/opt/ros/jazzy/opt/rviz_ogre_vendor/lib:/opt/ros/jazzy/lib/x86_64-linux-gnu:/opt/ros/jazzy/opt/gz_math_vendor/lib:/opt/ros/jazzy/opt/gz_utils_vendor/lib:/opt/ros/jazzy/opt/gz_cmake_vendor/lib:/opt/ros/jazzy/lib', 'HOME': '/root', 'OLDPWD': '/', 'ROS_PYTHON_VERSION': '3', 'ROS_DISTRO': 'jazzy', '_': '/usr/bin/colcon', 'ROS_VERSION': '2', 'TERM': 'xterm', 'PATH': '/opt/ros/jazzy/bin:/usr/local/sbin:/usr/local/bin:/usr/sbin:/usr/bin:/sbin:/bin', 'DISPLAY': ':0', 'LANG': 'C.UTF-8', 'AMENT_PREFIX_PATH': '/opt/ros/jazzy', 'ROS_AUTOMATIC_DISCOVERY_RANGE': 'SUBNET', 'PWD': '/root/ros2_ws/build/catheter_slam', 'LC_ALL': 'C.UTF-8', 'PYTHONPATH': '/root/ros2_ws/build/catheter_slam/prefix_override:/usr/lib/python3/dist-packages/colcon_core/task/python/colcon_distutils_commands:/root/ros2_ws/install/catheter_slam/lib/python3.12/site-packages:/opt/ros/jazzy/lib/python3.12/site-packages', 'COLCON': '1', 'CMAKE_PREFIX_PATH': '/opt/ros/jazzy/opt/gz_math_vendor:/opt/ros/jazzy/opt/gz_utils_vendor:/opt/ros/jazzy/opt/gz_cmake_vendor'}, 'shell': False}
[1.204129] (-) TimerEvent: {}
[1.304583] (-) TimerEvent: {}
[1.405093] (-) TimerEvent: {}
[1.505561] (-) TimerEvent: {}
[1.513689] (catheter_slam) StdoutLine: {'line': b'running develop\n'}
[1.605809] (-) TimerEvent: {}
[1.673725] (catheter_slam) StdoutLine: {'line': b'running egg_info\n'}
[1.688654] (catheter_slam) StdoutLine: {'line': b'writing catheter_slam.egg-info/PKG-INFO\n'}
[1.689105] (catheter_slam) StdoutLine: {'line': b'writing dependency_links to catheter_slam.egg-info/dependency_links.txt\n'}
[1.689282] (catheter_slam) StdoutLine: {'line': b'writing entry points to catheter_slam.egg-info/entry_points.txt\n'}
[1.689374] (catheter_slam) StdoutLine: {'line': b'writing requirements to catheter_slam.egg-info/requires.txt\n'}
[1.689522] (catheter_slam) StdoutLine: {'line': b'writing top-level names to catheter_slam.egg-info/top_level.txt\n'}
[1.705997] (-) TimerEvent: {}
[1.720822] (catheter_slam) StdoutLine: {'line': b"reading manifest file 'catheter_slam.egg-info/SOURCES.txt'\n"}
[1.721696] (catheter_slam) StdoutLine: {'line': b"writing manifest file 'catheter_slam.egg-info/SOURCES.txt'\n"}
[1.738289] (catheter_slam) StdoutLine: {'line': b'running build_ext\n'}
[1.738458] (catheter_slam) StdoutLine: {'line': b'Creating /root/ros2_ws/install/catheter_slam/lib/python3.12/site-packages/catheter-slam.egg-link (link to .)\n'}
[1.739174] (catheter_slam) StdoutLine: {'line': b'Installing catheter_bridge script to /root/ros2_ws/install/catheter_slam/lib/catheter_slam\n'}
[1.739485] (catheter_slam) StdoutLine: {'line': b'\n'}
[1.739599] (catheter_slam) StdoutLine: {'line': b'Installed /root/ros2_ws/build/catheter_slam\n'}
[1.739681] (catheter_slam) StdoutLine: {'line': b'running symlink_data\n'}
[1.770653] (catheter_slam) CommandEnded: {'returncode': 0}
[1.783999] (catheter_slam) JobEnded: {'identifier': 'catheter_slam', 'rc': 0}
[1.784943] (-) EventReactorShutdown: {}
