[0.000000] (-) TimerEvent: {}
[0.000500] (catheter_slam) JobQueued: {'identifier': 'catheter_slam', 'dependencies': OrderedDict()}
[0.000557] (catheter_slam) JobStarted: {'identifier': 'catheter_slam'}
[0.099787] (-) TimerEvent: {}
[0.200058] (-) TimerEvent: {}
[0.300365] (-) TimerEvent: {}
[0.400621] (-) TimerEvent: {}
[0.500895] (-) TimerEvent: {}
[0.601260] (-) TimerEvent: {}
[0.647922] (catheter_slam) Command: {'cmd': ['/usr/bin/python3', '-W', 'ignore:setup.py install is deprecated', '-W', 'ignore:easy_install command is deprecated', 'setup.py', 'develop', '--editable', '--build-directory', '/root/ros2_ws/build/catheter_slam/build', '--no-deps', 'symlink_data'], 'cwd': '/root/ros2_ws/build/catheter_slam', 'env': {'HOSTNAME': 'oguzhan', 'SHLVL': '1', 'LD_LIBRARY_PATH': '/opt/ros/jazzy/opt/rviz_ogre_vendor/lib:/opt/ros/jazzy/lib/x86_64-linux-gnu:/opt/ros/jazzy/opt/gz_math_vendor/lib:/opt/ros/jazzy/opt/gz_utils_vendor/lib:/opt/ros/jazzy/opt/gz_cmake_vendor/lib:/opt/ros/jazzy/lib', 'HOME': '/root', 'OLDPWD': '/', 'ROS_PYTHON_VERSION': '3', 'ROS_DISTRO': 'jazzy', '_': '/usr/bin/colcon', 'ROS_VERSION': '2', 'TERM': 'xterm', 'PATH': '/opt/ros/jazzy/bin:/usr/local/sbin:/usr/local/bin:/usr/sbin:/usr/bin:/sbin:/bin', 'DISPLAY': ':0', 'LANG': 'C.UTF-8', 'AMENT_PREFIX_PATH': '/opt/ros/jazzy', 'ROS_AUTOMATIC_DISCOVERY_RANGE': 'SUBNET', 'PWD': '/root/ros2_ws/build/catheter_slam', 'LC_ALL': 'C.UTF-8', 'PYTHONPATH': '/root/ros2_ws/build/catheter_slam/prefix_override:/usr/lib/python3/dist-packages/colcon_core/task/python/colcon_distutils_commands:/root/ros2_ws/install/catheter_slam/lib/python3.12/site-packages:/opt/ros/jazzy/lib/python3.12/site-packages', 'COLCON': '1', 'CMAKE_PREFIX_PATH': '/opt/ros/jazzy/opt/gz_math_vendor:/opt/ros/jazzy/opt/gz_utils_vendor:/opt/ros/jazzy/opt/gz_cmake_vendor'}, 'shell': False}
[0.701459] (-) TimerEvent: {}
[0.801688] (-) TimerEvent: {}
[0.845874] (catheter_slam) StdoutLine: {'line': b'running develop\n'}
[0.901864] (-) TimerEvent: {}
[0.936659] (catheter_slam) StdoutLine: {'line': b'running egg_info\n'}
[0.936790] (catheter_slam) StdoutLine: {'line': b'creating catheter_slam.egg-info\n'}
[0.945401] (catheter_slam) StdoutLine: {'line': b'writing catheter_slam.egg-info/PKG-INFO\n'}
[0.945497] (catheter_slam) StdoutLine: {'line': b'writing dependency_links to catheter_slam.egg-info/dependency_links.txt\n'}
[0.945544] (catheter_slam) StdoutLine: {'line': b'writing entry points to catheter_slam.egg-info/entry_points.txt\n'}
[0.945583] (catheter_slam) StdoutLine: {'line': b'writing requirements to catheter_slam.egg-info/requires.txt\n'}
[0.945621] (catheter_slam) StdoutLine: {'line': b'writing top-level names to catheter_slam.egg-info/top_level.txt\n'}
[0.945772] (catheter_slam) StdoutLine: {'line': b"writing manifest file 'catheter_slam.egg-info/SOURCES.txt'\n"}
[0.963409] (catheter_slam) StdoutLine: {'line': b"reading manifest file 'catheter_slam.egg-info/SOURCES.txt'\n"}
[0.963744] (catheter_slam) StdoutLine: {'line': b"writing manifest file 'catheter_slam.egg-info/SOURCES.txt'\n"}
[0.973322] (catheter_slam) StdoutLine: {'line': b'running build_ext\n'}
[0.973414] (catheter_slam) StdoutLine: {'line': b'Creating /root/ros2_ws/install/catheter_slam/lib/python3.12/site-packages/catheter-slam.egg-link (link to .)\n'}
[0.973663] (catheter_slam) StdoutLine: {'line': b'Installing catheter_bridge script to /root/ros2_ws/install/catheter_slam/lib/catheter_slam\n'}
[0.973892] (catheter_slam) StdoutLine: {'line': b'\n'}
[0.973985] (catheter_slam) StdoutLine: {'line': b'Installed /root/ros2_ws/build/catheter_slam\n'}
[0.974033] (catheter_slam) StdoutLine: {'line': b'running symlink_data\n'}
[0.974075] (catheter_slam) StdoutLine: {'line': b'creating /root/ros2_ws/install/catheter_slam/share/ament_index\n'}
[0.974116] (catheter_slam) StdoutLine: {'line': b'creating /root/ros2_ws/install/catheter_slam/share/ament_index/resource_index\n'}
[0.974156] (catheter_slam) StdoutLine: {'line': b'creating /root/ros2_ws/install/catheter_slam/share/ament_index/resource_index/packages\n'}
[0.974194] (catheter_slam) StdoutLine: {'line': b'symbolically linking /root/ros2_ws/build/catheter_slam/resource/catheter_slam -> /root/ros2_ws/install/catheter_slam/share/ament_index/resource_index/packages\n'}
[0.974267] (catheter_slam) StdoutLine: {'line': b'symbolically linking /root/ros2_ws/build/catheter_slam/package.xml -> /root/ros2_ws/install/catheter_slam/share/catheter_slam\n'}
[0.974304] (catheter_slam) StdoutLine: {'line': b'creating /root/ros2_ws/install/catheter_slam/share/catheter_slam/config\n'}
[0.974445] (catheter_slam) StdoutLine: {'line': b'symbolically linking /root/ros2_ws/build/catheter_slam/config/slam.yaml -> /root/ros2_ws/install/catheter_slam/share/catheter_slam/config\n'}
[0.974533] (catheter_slam) StdoutLine: {'line': b'symbolically linking /root/ros2_ws/build/catheter_slam/config/catheter.rviz -> /root/ros2_ws/install/catheter_slam/share/catheter_slam/config\n'}
[0.974577] (catheter_slam) StdoutLine: {'line': b'creating /root/ros2_ws/install/catheter_slam/share/catheter_slam/launch\n'}
[0.974616] (catheter_slam) StdoutLine: {'line': b'symbolically linking /root/ros2_ws/build/catheter_slam/launch/catheter_slam.launch.py -> /root/ros2_ws/install/catheter_slam/share/catheter_slam/launch\n'}
[0.991144] (catheter_slam) CommandEnded: {'returncode': 0}
[1.002150] (-) TimerEvent: {}
[1.004694] (catheter_slam) JobEnded: {'identifier': 'catheter_slam', 'rc': 0}
[1.005248] (-) EventReactorShutdown: {}
