running develop
running egg_info
creating catheter_slam.egg-info
writing catheter_slam.egg-info/PKG-INFO
writing dependency_links to catheter_slam.egg-info/dependency_links.txt
writing entry points to catheter_slam.egg-info/entry_points.txt
writing requirements to catheter_slam.egg-info/requires.txt
writing top-level names to catheter_slam.egg-info/top_level.txt
writing manifest file 'catheter_slam.egg-info/SOURCES.txt'
reading manifest file 'catheter_slam.egg-info/SOURCES.txt'
writing manifest file 'catheter_slam.egg-info/SOURCES.txt'
running build_ext
Creating /root/ros2_ws/install/catheter_slam/lib/python3.12/site-packages/catheter-slam.egg-link (link to .)
Installing catheter_bridge script to /root/ros2_ws/install/catheter_slam/lib/catheter_slam

Installed /root/ros2_ws/build/catheter_slam
running symlink_data
creating /root/ros2_ws/install/catheter_slam/share/ament_index
creating /root/ros2_ws/install/catheter_slam/share/ament_index/resource_index
creating /root/ros2_ws/install/catheter_slam/share/ament_index/resource_index/packages
symbolically linking /root/ros2_ws/build/catheter_slam/resource/catheter_slam -> /root/ros2_ws/install/catheter_slam/share/ament_index/resource_index/packages
symbolically linking /root/ros2_ws/build/catheter_slam/package.xml -> /root/ros2_ws/install/catheter_slam/share/catheter_slam
creating /root/ros2_ws/install/catheter_slam/share/catheter_slam/config
creating /root/ros2_ws/install/catheter_slam/share/catheter_slam/launch
symbolically linking /root/ros2_ws/build/catheter_slam/launch/catheter_slam.launch.py -> /root/ros2_ws/install/catheter_slam/share/catheter_slam/launch
