[0.000000] (-) TimerEvent: {}
[0.000558] (catheter_slam) JobQueued: {'identifier': 'catheter_slam', 'dependencies': OrderedDict()}
[0.000665] (catheter_slam) JobStarted: {'identifier': 'catheter_slam'}
[0.099323] (-) TimerEvent: {}
[0.200082] (-) TimerEvent: {}
[0.300728] (-) TimerEvent: {}
[0.401208] (-) TimerEvent: {}
[0.501664] (-) TimerEvent: {}
[0.602186] (-) TimerEvent: {}
[0.702673] (-) TimerEvent: {}
[0.803206] (-) TimerEvent: {}
[0.903708] (-) TimerEvent: {}
[1.004333] (-) TimerEvent: {}
[1.104824] (-) TimerEvent: {}
[1.205346] (-) TimerEvent: {}
[1.263659] (catheter_slam) Command: {'cmd': ['/usr/bin/python3', '-W', 'ignore:setup.py install is deprecated', '-W', 'ignore:easy_install command is deprecated', 'setup.py', 'develop', '--editable', '--build-directory', '/root/ros2_ws/build/catheter_slam/build', '--no-deps', 'symlink_data'], 'cwd': '/root/ros2_ws/build/catheter_slam', 'env': {'HOSTNAME': 'oguzhan', 'SHLVL': '1', 'LD_LIBRARY_PATH': '/opt/ros/jazzy/opt/rviz_ogre_vendor/lib:/opt/ros/jazzy/lib/x86_64-linux-gnu:/opt/ros/jazzy/opt/gz_math_vendor/lib:/opt/ros/jazzy/opt/gz_utils_vendor/lib:/opt/ros/jazzy/opt/gz_cmake_vendor/lib:/opt/ros/jazzy/lib', 'HOME': '/root', 'OLDPWD': '/', 'ROS_PYTHON_VERSION': '3', 'ROS_DISTRO': 'jazzy', '_': '/usr/bin/colcon', 'ROS_VERSION': '2', 'TERM': 'xterm', 'PATH': '/opt/ros/jazzy/bin:/usr/local/sbin:/usr/local/bin:/usr/sbin:/usr/bin:/sbin:/bin', 'DISPLAY': ':0', 'LANG': 'C.UTF-8', 'AMENT_PREFIX_PATH': '/opt/ros/jazzy', 'ROS_AUTOMATIC_DISCOVERY_RANGE': 'SUBNET', 'PWD': '/root/ros2_ws/build/catheter_slam', 'LC_ALL': 'C.UTF-8', 'PYTHONPATH': '/root/ros2_ws/build/catheter_slam/prefix_override:/usr/lib/python3/dist-packages/colcon_core/task/python/colcon_distutils_commands:/root/ros2_ws/install/catheter_slam/lib/python3.12/site-packages:/opt/ros/jazzy/lib/python3.12/site-packages', 'COLCON': '1', 'CMAKE_PREFIX_PATH': '/opt/ros/jazzy/opt/gz_math_vendor:/opt/ros/jazzy/opt/gz_utils_vendor:/opt/ros/jazzy/opt/gz_cmake_vendor'}, 'shell': False}
[1.305458] (-) TimerEvent: {}
[1.405813] (-) TimerEvent: {}
[1.506138] (-) TimerEvent: {}
[1.593042] (catheter_slam) StdoutLine: {'line': b'running develop\n'}
[1.606317] (-) TimerEvent: {}
[1.706595] (-) TimerEvent: {}
[1.754477] (catheter_slam) StdoutLine: {'line': b'running egg_info\n'}
[1.769559] (catheter_slam) StdoutLine: {'line': b'writing catheter_slam.egg-info/PKG-INFO\n'}
[1.769755] (catheter_slam) StdoutLine: {'line': b'writing dependency_links to catheter_slam.egg-info/dependency_links.txt\n'}
[1.770020] (catheter_slam) StdoutLine: {'line': b'writing entry points to catheter_slam.egg-info/entry_points.txt\n'}
[1.770203] (catheter_slam) StdoutLine: {'line': b'writing requirements to catheter_slam.egg-info/requires.txt\n'}
[1.770295] (catheter_slam) StdoutLine: {'line': b'writing top-level names to catheter_slam.egg-info/top_level.txt\n'}
[1.801467] (catheter_slam) StdoutLine: {'line': b"reading manifest file 'catheter_slam.egg-info/SOURCES.txt'\n"}
[1.802278] (catheter_slam) StdoutLine: {'line': b"writing manifest file 'catheter_slam.egg-info/SOURCES.txt'\n"}
[1.806773] (-) TimerEvent: {}
[1.819007] (catheter_slam) StdoutLine: {'line': b'running build_ext\n'}
[1.819224] (catheter_slam) StdoutLine: {'line': b'Creating /root/ros2_ws/install/catheter_slam/lib/python3.12/site-packages/catheter-slam.egg-link (link to .)\n'}
[1.819895] (catheter_slam) StdoutLine: {'line': b'Installing catheter_bridge script to /root/ros2_ws/install/catheter_slam/lib/catheter_slam\n'}
[1.820134] (catheter_slam) StdoutLine: {'line': b'\n'}
[1.820227] (catheter_slam) StdoutLine: {'line': b'Installed /root/ros2_ws/build/catheter_slam\n'}
[1.820306] (catheter_slam) StdoutLine: {'line': b'running symlink_data\n'}
[1.853248] (catheter_slam) CommandEnded: {'returncode': 0}
[1.867041] (catheter_slam) JobEnded: {'identifier': 'catheter_slam', 'rc': 0}
[1.868063] (-) EventReactorShutdown: {}
