[0.000000] (-) TimerEvent: {}
[0.000493] (catheter_slam) JobQueued: {'identifier': 'catheter_slam', 'dependencies': OrderedDict()}
[0.000772] (catheter_slam) JobStarted: {'identifier': 'catheter_slam'}
[0.097985] (-) TimerEvent: {}
[0.198371] (-) TimerEvent: {}
[0.298763] (-) TimerEvent: {}
[0.399265] (-) TimerEvent: {}
[0.499750] (-) TimerEvent: {}
[0.600326] (-) TimerEvent: {}
[0.700750] (-) TimerEvent: {}
[0.801104] (-) TimerEvent: {}
[0.901419] (-) TimerEvent: {}
[1.001770] (-) TimerEvent: {}
[1.102280] (-) TimerEvent: {}
[1.202626] (-) TimerEvent: {}
[1.303052] (-) TimerEvent: {}
[1.361682] (catheter_slam) Command: {'cmd': ['/usr/bin/python3', '-W', 'ignore:setup.py install is deprecated', '-W', 'ignore:easy_install command is deprecated', 'setup.py', 'develop', '--editable', '--build-directory', '/root/ros2_ws/build/catheter_slam/build', '--no-deps', 'symlink_data'], 'cwd': '/root/ros2_ws/build/catheter_slam', 'env': {'HOSTNAME': 'oguzhan', 'SHLVL': '1', 'LD_LIBRARY_PATH': '/opt/ros/jazzy/opt/rviz_ogre_vendor/lib:/opt/ros/jazzy/lib/x86_64-linux-gnu:/opt/ros/jazzy/opt/gz_math_vendor/lib:/opt/ros/jazzy/opt/gz_utils_vendor/lib:/opt/ros/jazzy/opt/gz_cmake_vendor/lib:/opt/ros/jazzy/lib', 'HOME': '/root', 'OLDPWD': '/', 'ROS_PYTHON_VERSION': '3', 'ROS_DISTRO': 'jazzy', '_': '/usr/bin/colcon', 'ROS_VERSION': '2', 'TERM': 'xterm', 'PATH': '/opt/ros/jazzy/bin:/usr/local/sbin:/usr/local/bin:/usr/sbin:/usr/bin:/sbin:/bin', 'DISPLAY': ':0', 'LANG': 'C.UTF-8', 'AMENT_PREFIX_PATH': '/opt/ros/jazzy', 'ROS_AUTOMATIC_DISCOVERY_RANGE': 'SUBNET', 'PWD': '/root/ros2_ws/build/catheter_slam', 'LC_ALL': 'C.UTF-8', 'PYTHONPATH': '/root/ros2_ws/build/catheter_slam/prefix_override:/usr/lib/python3/dist-packages/colcon_core/task/python/colcon_distutils_commands:/root/ros2_ws/install/catheter_slam/lib/python3.12/site-packages:/opt/ros/jazzy/lib/python3.12/site-packages', 'COLCON': '1', 'CMAKE_PREFIX_PATH': '/opt/ros/jazzy/opt/gz_math_vendor:/opt/ros/jazzy/opt/gz_utils_vendor:/opt/ros/jazzy/opt/gz_cmake_vendor'}, 'shell': False}
[1.403239] (-) TimerEvent: {}
[1.503724] (-) TimerEvent: {}
[1.604174] (-) TimerEvent: {}
[1.704619] (-) TimerEvent: {}
[1.770802] (catheter_slam) StdoutLine: {'line': b'running develop\n'}
[1.804870] (-) TimerEvent: {}
[1.905323] (-) TimerEvent: {}
[1.943383] (catheter_slam) StdoutLine: {'line': b'running egg_info\n'}
[1.959197] (catheter_slam) StdoutLine: {'line': b'writing catheter_slam.egg-info/PKG-INFO\n'}
[1.959460] (catheter_slam) StdoutLine: {'line': b'writing dependency_links to catheter_slam.egg-info/dependency_links.txt\n'}
[1.959619] (catheter_slam) StdoutLine: {'line': b'writing entry points to catheter_slam.egg-info/entry_points.txt\n'}
[1.959854] (catheter_slam) StdoutLine: {'line': b'writing requirements to catheter_slam.egg-info/requires.txt\n'}
[1.960240] (catheter_slam) StdoutLine: {'line': b'writing top-level names to catheter_slam.egg-info/top_level.txt\n'}
[1.993784] (catheter_slam) StdoutLine: {'line': b"reading manifest file 'catheter_slam.egg-info/SOURCES.txt'\n"}
[1.994691] (catheter_slam) StdoutLine: {'line': b"writing manifest file 'catheter_slam.egg-info/SOURCES.txt'\n"}
[2.005454] (-) TimerEvent: {}
[2.012869] (catheter_slam) StdoutLine: {'line': b'running build_ext\n'}
[2.013137] (catheter_slam) StdoutLine: {'line': b'Creating /root/ros2_ws/install/catheter_slam/lib/python3.12/site-packages/catheter-slam.egg-link (link to .)\n'}
[2.013938] (catheter_slam) StdoutLine: {'line': b'Installing catheter_bridge script to /root/ros2_ws/install/catheter_slam/lib/catheter_slam\n'}
[2.014211] (catheter_slam) StdoutLine: {'line': b'\n'}
[2.014302] (catheter_slam) StdoutLine: {'line': b'Installed /root/ros2_ws/build/catheter_slam\n'}
[2.014403] (catheter_slam) StdoutLine: {'line': b'running symlink_data\n'}
[2.053929] (catheter_slam) CommandEnded: {'returncode': 0}
[2.067334] (catheter_slam) JobEnded: {'identifier': 'catheter_slam', 'rc': 0}
[2.068329] (-) EventReactorShutdown: {}
